// Vitest Snapshot v1, https://vitest.dev/guide/snapshot.html

exports[`fetchPRDetail > returns every pull request detail in the given repository and period 1`] = `
{
  "assignees": {
    "nodes": [],
  },
  "author": {
    "login": "oliviertassinari",
  },
  "baseRefName": "master",
  "comments": {
    "nodes": [
      {
        "author": {
          "login": "mui-bot",
        },
        "createdAt": "2025-05-02T13:33:29Z",
      },
    ],
  },
  "isDraft": false,
  "labels": {
    "nodes": [
      {
        "name": "website",
      },
      {
        "name": "regression 🐛",
      },
    ],
  },
  "mergeable": "UNKNOWN",
  "merged": true,
  "mergedAt": "2025-05-06T15:03:19Z",
  "reviewDecision": "APPROVED",
  "reviewRequests": {
    "nodes": [],
  },
  "reviews": {
    "nodes": [
      {
        "author": {
          "login": "nadjakovacev",
        },
        "submittedAt": "2025-05-06T12:08:29Z",
      },
    ],
  },
  "state": "MERGED",
  "timelineItems": {
    "nodes": [
      {
        "createdAt": "2025-05-02T22:58:49Z",
        "requestedReviewer": {
          "login": "nadjakovacev",
        },
      },
    ],
  },
  "title": "[website] Update values",
}
`;

exports[`fetchPRListInPeriod > returns every pull request in the given repository and period 1`] = `
[
  {
    "created_at": "2025-04-30T22:17:44Z",
    "html_url": "https://github.com/mui/material-ui/pull/46050",
    "number": 46050,
    "title": "Bump vite [SECURITY]",
    "user": {
      "login": "renovate[bot]",
    },
  },
  {
    "created_at": "2025-05-01T00:27:00Z",
    "html_url": "https://github.com/mui/material-ui/pull/46051",
    "number": 46051,
    "title": "[core] Fix internal version duplication",
    "user": {
      "login": "oliviertassinari",
    },
  },
  {
    "created_at": "2025-05-01T03:20:43Z",
    "html_url": "https://github.com/mui/material-ui/pull/46052",
    "number": 46052,
    "title": "Lock file maintenance",
    "user": {
      "login": "renovate[bot]",
    },
  },
  {
    "created_at": "2025-05-01T09:36:59Z",
    "html_url": "https://github.com/mui/material-ui/pull/46053",
    "number": 46053,
    "title": "[core] Avoid the need for \`@mui/material/themeCssVarsAugmentation\`",
    "user": {
      "login": "Janpot",
    },
  },
  {
    "created_at": "2025-05-01T14:29:12Z",
    "html_url": "https://github.com/mui/material-ui/pull/46054",
    "number": 46054,
    "title": "[code-infra] Correct some manually curated .d.ts files",
    "user": {
      "login": "Janpot",
    },
  },
  {
    "created_at": "2025-05-01T19:21:03Z",
    "html_url": "https://github.com/mui/material-ui/pull/46055",
    "number": 46055,
    "title": "[website] Adds Rita Iglesias to the team members (About page)",
    "user": {
      "login": "rita-codes",
    },
  },
  {
    "created_at": "2025-05-02T05:23:37Z",
    "html_url": "https://github.com/mui/material-ui/pull/46056",
    "number": 46056,
    "title": "feat(Autocomplete): add \`suppressTextareaWarning\` prop to optionally …",
    "user": {
      "login": "aks30498",
    },
  },
  {
    "created_at": "2025-05-02T06:37:53Z",
    "html_url": "https://github.com/mui/material-ui/pull/46057",
    "number": 46057,
    "title": "[docs][material-ui][Grid] Update grid migration guide",
    "user": {
      "login": "sai6855",
    },
  },
  {
    "created_at": "2025-05-02T07:40:34Z",
    "html_url": "https://github.com/mui/material-ui/pull/46058",
    "number": 46058,
    "title": "[docs][ToggleButtonGroup] Add spacing demo",
    "user": {
      "login": "sai6855",
    },
  },
  {
    "created_at": "2025-05-02T12:53:51Z",
    "html_url": "https://github.com/mui/material-ui/pull/46060",
    "number": 46060,
    "title": "[experiment][core] Upgrade MUI X packages to v8 ",
    "user": {
      "login": "alexfauquette",
    },
  },
  {
    "created_at": "2025-05-02T13:29:40Z",
    "html_url": "https://github.com/mui/material-ui/pull/46061",
    "number": 46061,
    "title": "[website] Update values",
    "user": {
      "login": "oliviertassinari",
    },
  },
  {
    "created_at": "2025-05-03T14:05:12Z",
    "html_url": "https://github.com/mui/material-ui/pull/46064",
    "number": 46064,
    "title": "[docs-infra] Update feedback Node.js to v22",
    "user": {
      "login": "oliviertassinari",
    },
  },
  {
    "created_at": "2025-05-03T15:34:05Z",
    "html_url": "https://github.com/mui/material-ui/pull/46065",
    "number": 46065,
    "title": "[website] Fix CSS alignment",
    "user": {
      "login": "oliviertassinari",
    },
  },
  {
    "created_at": "2025-05-04T03:06:47Z",
    "html_url": "https://github.com/mui/material-ui/pull/46066",
    "number": 46066,
    "title": "Bump @netlify/functions to ^3.1.3",
    "user": {
      "login": "renovate[bot]",
    },
  },
  {
    "created_at": "2025-05-04T03:08:33Z",
    "html_url": "https://github.com/mui/material-ui/pull/46067",
    "number": 46067,
    "title": "Bump @tailwindcss/postcss to ^4.1.5",
    "user": {
      "login": "renovate[bot]",
    },
  },
  {
    "created_at": "2025-05-04T03:10:04Z",
    "html_url": "https://github.com/mui/material-ui/pull/46068",
    "number": 46068,
    "title": "Bump @types/react-dom to ^19.1.3",
    "user": {
      "login": "renovate[bot]",
    },
  },
  {
    "created_at": "2025-05-04T03:11:57Z",
    "html_url": "https://github.com/mui/material-ui/pull/46069",
    "number": 46069,
    "title": "Bump babel to ^7.27.1",
    "user": {
      "login": "renovate[bot]",
    },
  },
  {
    "created_at": "2025-05-04T03:12:05Z",
    "html_url": "https://github.com/mui/material-ui/pull/46070",
    "number": 46070,
    "title": "Bump github/codeql-action action to v3.28.17",
    "user": {
      "login": "renovate[bot]",
    },
  },
  {
    "created_at": "2025-05-04T03:13:16Z",
    "html_url": "https://github.com/mui/material-ui/pull/46071",
    "number": 46071,
    "title": "Bump MUI X to 7.29.2",
    "user": {
      "login": "renovate[bot]",
    },
  },
  {
    "created_at": "2025-05-04T03:14:17Z",
    "html_url": "https://github.com/mui/material-ui/pull/46072",
    "number": 46072,
    "title": "Bump react-virtuoso to ^4.12.7",
    "user": {
      "login": "renovate[bot]",
    },
  },
  {
    "created_at": "2025-05-04T03:15:35Z",
    "html_url": "https://github.com/mui/material-ui/pull/46073",
    "number": 46073,
    "title": "Bump tailwindcss to ^4.1.5",
    "user": {
      "login": "renovate[bot]",
    },
  },
  {
    "created_at": "2025-05-04T03:16:41Z",
    "html_url": "https://github.com/mui/material-ui/pull/46074",
    "number": 46074,
    "title": "Bump tsx to ^4.19.4",
    "user": {
      "login": "renovate[bot]",
    },
  },
  {
    "created_at": "2025-05-04T03:17:46Z",
    "html_url": "https://github.com/mui/material-ui/pull/46075",
    "number": 46075,
    "title": "Bump typescript-eslint to ^8.31.1",
    "user": {
      "login": "renovate[bot]",
    },
  },
  {
    "created_at": "2025-05-04T03:18:41Z",
    "html_url": "https://github.com/mui/material-ui/pull/46076",
    "number": 46076,
    "title": "Bump mocha to ^11.2.2",
    "user": {
      "login": "renovate[bot]",
    },
  },
  {
    "created_at": "2025-05-04T03:19:34Z",
    "html_url": "https://github.com/mui/material-ui/pull/46077",
    "number": 46077,
    "title": "Bump express to ^5.1.0",
    "user": {
      "login": "renovate[bot]",
    },
  },
  {
    "created_at": "2025-05-04T03:20:32Z",
    "html_url": "https://github.com/mui/material-ui/pull/46078",
    "number": 46078,
    "title": "Bump MUI X to 8.2.0 (major)",
    "user": {
      "login": "renovate[bot]",
    },
  },
  {
    "created_at": "2025-05-04T03:21:22Z",
    "html_url": "https://github.com/mui/material-ui/pull/46079",
    "number": 46079,
    "title": "Bump piscina to ^5.0.0",
    "user": {
      "login": "renovate[bot]",
    },
  },
  {
    "created_at": "2025-05-04T03:22:10Z",
    "html_url": "https://github.com/mui/material-ui/pull/46080",
    "number": 46080,
    "title": "Bump postcss-combine-media-query to ^2.0.0",
    "user": {
      "login": "renovate[bot]",
    },
  },
  {
    "created_at": "2025-05-04T03:22:59Z",
    "html_url": "https://github.com/mui/material-ui/pull/46081",
    "number": 46081,
    "title": "Bump react-docgen to ^8.0.0",
    "user": {
      "login": "renovate[bot]",
    },
  },
  {
    "created_at": "2025-05-04T03:23:45Z",
    "html_url": "https://github.com/mui/material-ui/pull/46082",
    "number": 46082,
    "title": "Bump react-error-boundary to ^6.0.0",
    "user": {
      "login": "renovate[bot]",
    },
  },
  {
    "created_at": "2025-05-05T04:07:04Z",
    "html_url": "https://github.com/mui/material-ui/pull/46083",
    "number": 46083,
    "title": "[styled-engine] Infer \`ownerState\` from props in \`styled\`",
    "user": {
      "login": "siriwatknp",
    },
  },
  {
    "created_at": "2025-05-05T10:04:20Z",
    "html_url": "https://github.com/mui/material-ui/pull/46084",
    "number": 46084,
    "title": "[performance] Remove unnecessary clsx() usages",
    "user": {
      "login": "sai6855",
    },
  },
  {
    "created_at": "2025-05-05T12:08:49Z",
    "html_url": "https://github.com/mui/material-ui/pull/46085",
    "number": 46085,
    "title": "[website] Add Follower24 as backlink sponsor",
    "user": {
      "login": "rluzists1",
    },
  },
  {
    "created_at": "2025-05-05T13:17:58Z",
    "html_url": "https://github.com/mui/material-ui/pull/46086",
    "number": 46086,
    "title": "[docs-infra] Fix docs API dark mode color",
    "user": {
      "login": "alexfauquette",
    },
  },
  {
    "created_at": "2025-05-05T14:21:13Z",
    "html_url": "https://github.com/mui/material-ui/pull/46087",
    "number": 46087,
    "title": "[release] v7.1.0",
    "user": {
      "login": "siriwatknp",
    },
  },
]
`;
