// Vitest Snapshot v1, https://vitest.dev/guide/snapshot.html

exports[`getUserCreatedPRListInPeriod > filters pull requests that target a specific branch 1`] = `
[
  {
    "author": "zpao",
    "createdAt": "2021-04-13T17:45:36Z",
    "labels": [
      "CLA Signed",
    ],
    "mergedAt": "2021-04-13T23:33:32Z",
    "number": 21251,
    "reviewers": [
      "gaearon",
    ],
    "title": "Update code of conduct",
    "url": "https://github.com/facebook/react/pull/21251",
  },
]
`;

exports[`getUserCreatedPRListInPeriod > returns pull requests created by the user within the specified date range 1`] = `
[
  {
    "author": "gaearon",
    "createdAt": "2024-11-21T01:30:40Z",
    "labels": [],
    "mergedAt": "2024-11-21T22:32:49Z",
    "number": 6583,
    "reviewers": [
      "haileyok",
    ],
    "title": "[Android] Patch react-native-svg to cache parsed paths",
    "url": "https://github.com/bluesky-social/social-app/pull/6583",
  },
  {
    "author": "gaearon",
    "createdAt": "2024-11-21T01:38:05Z",
    "labels": [],
    "mergedAt": "2024-11-21T12:10:34Z",
    "number": 6584,
    "reviewers": [
      "estrattonbailey",
    ],
    "title": "Remove unused RN.Animated code",
    "url": "https://github.com/bluesky-social/social-app/pull/6584",
  },
  {
    "author": "gaearon",
    "createdAt": "2024-11-21T02:43:04Z",
    "labels": [],
    "mergedAt": "2024-11-21T12:10:16Z",
    "number": 6586,
    "reviewers": [
      "estrattonbailey",
      "mozzius",
    ],
    "title": "Disable vertical scrollbars on Android only",
    "url": "https://github.com/bluesky-social/social-app/pull/6586",
  },
  {
    "author": "gaearon",
    "createdAt": "2024-11-21T03:15:25Z",
    "labels": [],
    "mergedAt": "2024-11-21T19:20:46Z",
    "number": 6588,
    "reviewers": [
      "gaearon",
      "mozzius",
      "mozzius",
    ],
    "title": "Don't underline links on native hover",
    "url": "https://github.com/bluesky-social/social-app/pull/6588",
  },
  {
    "author": "gaearon",
    "createdAt": "2024-11-21T20:22:33Z",
    "labels": [],
    "mergedAt": "2024-11-21T20:44:40Z",
    "number": 6609,
    "reviewers": [
      "estrattonbailey",
    ],
    "title": "Fix Fast Refresh in <Text> files",
    "url": "https://github.com/bluesky-social/social-app/pull/6609",
  },
  {
    "author": "gaearon",
    "createdAt": "2024-11-21T22:20:41Z",
    "labels": [],
    "mergedAt": "2024-11-21T22:52:16Z",
    "number": 6615,
    "reviewers": [
      "estrattonbailey",
      "gaearon",
      "gaearon",
      "gaearon",
    ],
    "title": "Reduce <Text> nesting",
    "url": "https://github.com/bluesky-social/social-app/pull/6615",
  },
  {
    "author": "gaearon",
    "createdAt": "2024-11-21T22:47:17Z",
    "labels": [],
    "mergedAt": "2024-11-21T22:52:28Z",
    "number": 6616,
    "reviewers": [
      "estrattonbailey",
      "haileyok",
    ],
    "title": "Fix embeder",
    "url": "https://github.com/bluesky-social/social-app/pull/6616",
  },
  {
    "author": "gaearon",
    "createdAt": "2024-11-21T23:15:06Z",
    "labels": [],
    "mergedAt": "2024-11-21T23:40:37Z",
    "number": 6617,
    "reviewers": [
      "gaearon",
      "haileyok",
    ],
    "title": "Reduce overdraw",
    "url": "https://github.com/bluesky-social/social-app/pull/6617",
  },
  {
    "author": "gaearon",
    "createdAt": "2024-11-22T04:18:53Z",
    "labels": [],
    "mergedAt": "2024-11-22T04:35:53Z",
    "number": 6624,
    "reviewers": [
      "haileyok",
    ],
    "title": "[Android] Lower Feed maxRenderPerBatch",
    "url": "https://github.com/bluesky-social/social-app/pull/6624",
  },
  {
    "author": "gaearon",
    "createdAt": "2024-11-22T12:46:37Z",
    "labels": [],
    "mergedAt": "2024-11-22T13:34:16Z",
    "number": 6633,
    "reviewers": [
      "mozzius",
    ],
    "title": "[Lightbox] Fix jump when zooming out on iOS",
    "url": "https://github.com/bluesky-social/social-app/pull/6633",
  },
  {
    "author": "gaearon",
    "createdAt": "2024-11-22T19:24:11Z",
    "labels": [],
    "mergedAt": "2024-11-22T19:43:32Z",
    "number": 6641,
    "reviewers": [
      "estrattonbailey",
      "mozzius",
    ],
    "title": "Simplify play icon shadow",
    "url": "https://github.com/bluesky-social/social-app/pull/6641",
  },
  {
    "author": "gaearon",
    "createdAt": "2024-11-22T19:38:58Z",
    "labels": [],
    "mergedAt": "2024-11-22T19:51:36Z",
    "number": 6642,
    "reviewers": [
      "estrattonbailey",
      "gaearon",
    ],
    "title": "Fix leaking background",
    "url": "https://github.com/bluesky-social/social-app/pull/6642",
  },
  {
    "author": "gaearon",
    "createdAt": "2024-11-22T20:18:19Z",
    "labels": [],
    "mergedAt": "2024-11-22T22:01:52Z",
    "number": 6645,
    "reviewers": [
      "estrattonbailey",
    ],
    "title": "Fix interstitials to not interrupt feed slices",
    "url": "https://github.com/bluesky-social/social-app/pull/6645",
  },
  {
    "author": "gaearon",
    "createdAt": "2024-11-22T23:11:14Z",
    "labels": [],
    "mergedAt": "2024-11-22T23:28:45Z",
    "number": 6648,
    "reviewers": [
      "pfrazee",
    ],
    "title": "Pass referrer on native (with an opt out)",
    "url": "https://github.com/bluesky-social/social-app/pull/6648",
  },
  {
    "author": "gaearon",
    "createdAt": "2024-11-23T02:24:27Z",
    "labels": [],
    "mergedAt": "2024-11-23T03:27:17Z",
    "number": 6649,
    "reviewers": [
      "haileyok",
    ],
    "title": "Add a hotness thread sort",
    "url": "https://github.com/bluesky-social/social-app/pull/6649",
  },
  {
    "author": "gaearon",
    "createdAt": "2024-11-23T16:51:07Z",
    "labels": [],
    "mergedAt": "2024-11-23T19:13:17Z",
    "number": 6662,
    "reviewers": [
      "estrattonbailey",
    ],
    "title": "Fix avi button hitslops",
    "url": "https://github.com/bluesky-social/social-app/pull/6662",
  },
  {
    "author": "gaearon",
    "createdAt": "2024-11-23T21:32:27Z",
    "labels": [],
    "mergedAt": "2024-11-23T21:36:36Z",
    "number": 6673,
    "reviewers": [
      "estrattonbailey",
    ],
    "title": "Fix jumpy web animation for modal backdrop",
    "url": "https://github.com/bluesky-social/social-app/pull/6673",
  },
  {
    "author": "gaearon",
    "createdAt": "2024-11-23T21:58:46Z",
    "labels": [],
    "mergedAt": "2024-11-23T22:10:53Z",
    "number": 6676,
    "reviewers": [
      "estrattonbailey",
      "gaearon",
    ],
    "title": "Fix skeleton alignment",
    "url": "https://github.com/bluesky-social/social-app/pull/6676",
  },
  {
    "author": "gaearon",
    "createdAt": "2024-11-24T03:34:07Z",
    "labels": [],
    "mergedAt": "2024-11-24T17:15:09Z",
    "number": 6680,
    "reviewers": [
      "khuddite",
      "mozzius",
    ],
    "title": "Fix format number polyfill for gl locale",
    "url": "https://github.com/bluesky-social/social-app/pull/6680",
  },
  {
    "author": "gaearon",
    "createdAt": "2024-11-24T16:57:52Z",
    "labels": [],
    "mergedAt": "2024-11-24T19:10:54Z",
    "number": 6698,
    "reviewers": [
      "pfrazee",
    ],
    "title": "Don't re-sort already fetched post thread items",
    "url": "https://github.com/bluesky-social/social-app/pull/6698",
  },
  {
    "author": "gaearon",
    "createdAt": "2024-11-24T17:24:32Z",
    "labels": [],
    "mergedAt": undefined,
    "number": 6700,
    "reviewers": [],
    "title": "Remove broken translated strings",
    "url": "https://github.com/bluesky-social/social-app/pull/6700",
  },
  {
    "author": "gaearon",
    "createdAt": "2024-11-25T17:43:36Z",
    "labels": [],
    "mergedAt": "2024-11-25T21:08:14Z",
    "number": 6729,
    "reviewers": [
      "mozzius",
    ],
    "title": "Fix camera orientation on Android",
    "url": "https://github.com/bluesky-social/social-app/pull/6729",
  },
  {
    "author": "gaearon",
    "createdAt": "2024-11-25T19:10:01Z",
    "labels": [],
    "mergedAt": "2024-11-25T20:30:33Z",
    "number": 6732,
    "reviewers": [
      "pfrazee",
    ],
    "title": "Revert "Pass referrer on native (with an opt out)"",
    "url": "https://github.com/bluesky-social/social-app/pull/6732",
  },
  {
    "author": "gaearon",
    "createdAt": "2024-11-25T20:48:03Z",
    "labels": [],
    "mergedAt": "2024-11-25T20:49:43Z",
    "number": 6737,
    "reviewers": [
      "mozzius",
    ],
    "title": "Edit string to avoid churning translations",
    "url": "https://github.com/bluesky-social/social-app/pull/6737",
  },
  {
    "author": "gaearon",
    "createdAt": "2024-11-26T20:19:58Z",
    "labels": [],
    "mergedAt": "2024-12-03T01:12:58Z",
    "number": 6762,
    "reviewers": [
      "mozzius",
    ],
    "title": "[Nicer Tabs] Fork TabBar, simplify Pager",
    "url": "https://github.com/bluesky-social/social-app/pull/6762",
  },
  {
    "author": "gaearon",
    "createdAt": "2024-11-26T21:30:08Z",
    "labels": [],
    "mergedAt": "2024-11-26T23:56:58Z",
    "number": 6765,
    "reviewers": [
      "mozzius",
    ],
    "title": "Fix stutter when swiping feeds on Android",
    "url": "https://github.com/bluesky-social/social-app/pull/6765",
  },
  {
    "author": "gaearon",
    "createdAt": "2024-11-27T14:48:18Z",
    "labels": [],
    "mergedAt": "2024-11-27T14:54:10Z",
    "number": 6783,
    "reviewers": [
      "mozzius",
    ],
    "title": "Fix gap between Write Your Reply and bottom bar on web",
    "url": "https://github.com/bluesky-social/social-app/pull/6783",
  },
  {
    "author": "gaearon",
    "createdAt": "2024-11-27T15:26:42Z",
    "labels": [],
    "mergedAt": "2024-11-27T15:34:12Z",
    "number": 6784,
    "reviewers": [
      "haileyok",
      "mozzius",
    ],
    "title": "Fix web build by removing app icon settings",
    "url": "https://github.com/bluesky-social/social-app/pull/6784",
  },
  {
    "author": "gaearon",
    "createdAt": "2024-11-27T19:20:01Z",
    "labels": [],
    "mergedAt": "2024-11-27T19:21:08Z",
    "number": 6790,
    "reviewers": [
      "mozzius",
    ],
    "title": "Revert "Bump version to 1.96"",
    "url": "https://github.com/bluesky-social/social-app/pull/6790",
  },
  {
    "author": "gaearon",
    "createdAt": "2024-11-27T21:06:07Z",
    "labels": [],
    "mergedAt": "2024-11-27T22:05:31Z",
    "number": 6794,
    "reviewers": [
      "mozzius",
    ],
    "title": "Revert "Revert "Bump version to 1.96""",
    "url": "https://github.com/bluesky-social/social-app/pull/6794",
  },
  {
    "author": "gaearon",
    "createdAt": "2024-11-28T15:36:34Z",
    "labels": [],
    "mergedAt": "2024-11-28T16:55:06Z",
    "number": 6816,
    "reviewers": [
      "mozzius",
    ],
    "title": "Fix stuck lightbox",
    "url": "https://github.com/bluesky-social/social-app/pull/6816",
  },
  {
    "author": "gaearon",
    "createdAt": "2024-11-28T18:32:46Z",
    "labels": [],
    "mergedAt": "2024-11-28T23:29:45Z",
    "number": 6828,
    "reviewers": [
      "haileyok",
    ],
    "title": ""Contain" images with missing dimensions instead of cropping them",
    "url": "https://github.com/bluesky-social/social-app/pull/6828",
  },
  {
    "author": "gaearon",
    "createdAt": "2024-11-30T13:56:08Z",
    "labels": [],
    "mergedAt": "2024-12-03T01:29:45Z",
    "number": 6868,
    "reviewers": [
      "gaearon",
      "haileyok",
      "mozzius",
      "mozzius",
    ],
    "title": "[Nicer Tabs] New native pager",
    "url": "https://github.com/bluesky-social/social-app/pull/6868",
  },
]
`;

exports[`getUserCreatedPRListInPeriodByLabel > filters pull requests by provided labelFilter 1`] = `
[
  {
    "author": "gaearon",
    "createdAt": "2016-02-26T20:52:48Z",
    "labels": [
      "Component: DOM",
      "Type: Enhancement",
    ],
    "mergedAt": "2016-02-26T20:56:38Z",
    "number": 6129,
    "reviewers": [],
    "title": "Disable ViewportMetrics unless MouseEvent lacks support for pageX/pageY",
    "url": "https://github.com/facebook/react/pull/6129",
  },
]
`;
